using: using my FSBL and my system.dtb
using Xilinx zcu102 prebuilt pmufw, bl31.elf, u-boot.elf, kernel Image, ootfs.cpio.gz.u-boot and boot.scr script.

PMU Firmware 2022.1     Apr 11 2022   09:29:50
PMU_ROM Version: xpbr-v8.1.0-0
Xilinx Zynq MP First Stage Boot Loader 
Release 2022.1   Apr 11 2022  -  09:29:50
NOTICE:  BL31: v2.6(release):xlnx_rebase_v2.6_2022.1_update1
NOTICE:  BL31: Built : 03:46:40, Mar 24 2022


U-Boot 2022.01 (Apr 04 2022 - 07:53:54 +0000)

CPU:   ZynqMP
Silicon: v3
Model: ZynqMP ZCU102 Rev1.0
Board: Xilinx ZynqMP
DRAM:  4 GiB
PMUFW:  v1.1
EL Level:       EL2
Chip ID:        zu17eg
NAND:  0 MiB
MMC:   mmc@ff160000: 0
Loading Environment from nowhere... OK
In:    serial
Out:   serial
Err:   serial
Bootmode: JTAG_MODE
Reset reason:   SRST 
Net:   
ZYNQ GEM: ff0b0000, mdio bus ff0b0000, phyaddr -1, interface gmii
Could not get PHY for eth0: addr -1

ZYNQ GEM: ff0e0000, mdio bus ff0e0000, phyaddr 12, interface rgmii-id
zynq_gem ethernet@ff0e0000: Failed to read eth PHY id, err: -2
Could not get PHY for eth1: addr 12
No ethernet found.

scanning bus for devices...
Hit any key to stop autoboot:  0 
JTAG: Trying to boot script at 20000000
## Executing script at 20000000
Trying to load boot images from jtag
## Loading init Ramdisk from Legacy Image at 04000000 ...
   Image Name:   petalinux-image-minimal-xilinx-z
   Created:      2011-04-05  23:00:00 UTC
   Image Type:   AArch64 Linux RAMDisk Image (uncompressed)
   Data Size:    62515973 Bytes = 59.6 MiB
   Load Address: 00000000
   Entry Point:  00000000
   Verifying Checksum ... OK
## Flattened Device Tree blob at 00100000
   Booting using the fdt blob at 0x100000

ZYNQ GEM: ff0b0000, mdio bus ff0b0000, phyaddr -1, interface gmii
Could not get PHY for eth0: addr -1

ZYNQ GEM: ff0b0000, mdio bus ff0b0000, phyaddr -1, interface gmii
Could not get PHY for eth0: addr -1
   Loading Ramdisk to 7805c000, end 7bbfab05 ... OK
   Loading Device Tree to 000000007feef000, end 000000007feffe97 ... OK

Starting kernel ...

[    0.000000] Booting Linux on physical CPU 0x0000000000 [0x410fd034]
[    0.000000] Linux version 5.15.19-xilinx-v2022.1 (oe-user@oe-host) (aarch64-xilinx-linux-gcc (GCC) 11.2.0, GNU ld (GNU Binutils) 2.37.20210721) #1 SMP Mon Apr 11 17:52:12
[    0.000000] Machine model: ZynqMP ZCU102 Rev1.0
[    0.000000] earlycon: cdns0 at MMIO 0x00000000ff000000 (options '115200n8')
[    0.000000] printk: bootconsole [cdns0] enabled
[    0.000000] efi: UEFI not found.
[    0.000000] Zone ranges:
[    0.000000]   DMA32    [mem 0x0000000000000000-0x00000000ffffffff]
[    0.000000]   Normal   [mem 0x0000000100000000-0x000000087fffffff]
[    0.000000] Movable zone start for each node
[    0.000000] Early memory node ranges
[    0.000000]   node   0: [mem 0x0000000000000000-0x000000007fefffff]
[    0.000000]   node   0: [mem 0x0000000800000000-0x000000087fffffff]
[    0.000000] Initmem setup node 0 [mem 0x0000000000000000-0x000000087fffffff]
[    0.000000] On node 0, zone Normal: 256 pages in unavailable ranges
[    0.000000] cma: Reserved 256 MiB at 0x0000000068000000
[    0.000000] psci: probing for conduit method from DT.
[    0.000000] psci: PSCIv1.1 detected in firmware.
[    0.000000] psci: Using standard PSCI v0.2 function IDs
[    0.000000] psci: MIGRATE_INFO_TYPE not supported.
[    0.000000] psci: SMC Calling Convention v1.2
[    0.000000] percpu: Embedded 18 pages/cpu s34776 r8192 d30760 u73728
[    0.000000] Detected VIPT I-cache on CPU0
[    0.000000] CPU features: detected: ARM erratum 845719
[    0.000000] Built 1 zonelists, mobility grouping on.  Total pages: 1031940
[    0.000000] Kernel command line:  earlycon console=ttyPS0,115200 clk_ignore_unused root=/dev/ram0 rw
[    0.000000] Dentry cache hash table entries: 524288 (order: 10, 4194304 bytes, linear)
[    0.000000] Inode-cache hash table entries: 262144 (order: 9, 2097152 bytes, linear)
[    0.000000] mem auto-init: stack:off, heap alloc:off, heap free:off
[    0.000000] software IO TLB: mapped [mem 0x000000007beef000-0x000000007feef000] (64MB)
[    0.000000] Memory: 3700804K/4193280K available (14528K kernel code, 1012K rwdata, 4056K rodata, 2176K init, 571K bss, 230332K reserved, 262144K cma-reserved)
[    0.000000] rcu: Hierarchical RCU implementation.
[    0.000000] rcu:     RCU event tracing is enabled.
[    0.000000] rcu: RCU calculated value of scheduler-enlistment delay is 25 jiffies.
[    0.000000] NR_IRQS: 64, nr_irqs: 64, preallocated irqs: 0
[    0.000000] GIC: Adjusting CPU interface base to 0x00000000f902f000
[    0.000000] Root IRQ handler: gic_handle_irq
[    0.000000] GIC: Using split EOI/Deactivate mode
[    0.000000] random: get_random_bytes called from start_kernel+0x474/0x6d4 with crng_init=0
[    0.000000] arch_timer: cp15 timer(s) running at 33.33MHz (phys).
[    0.000000] clocksource: arch_sys_counter: mask: 0xffffffffffffff max_cycles: 0x7b0074340, max_idle_ns: 440795202884 ns
[    0.000000] sched_clock: 56 bits at 33MHz, resolution 30ns, wraps every 2199023255543ns
[    0.008340] Console: colour dummy device 80x25
[    0.012400] Calibrating delay loop (skipped), value calculated using timer frequency.. 66.66 BogoMIPS (lpj=133332)
[    0.022665] pid_max: default: 32768 minimum: 301
[    0.027446] Mount-cache hash table entries: 8192 (order: 4, 65536 bytes, linear)
[    0.034619] Mountpoint-cache hash table entries: 8192 (order: 4, 65536 bytes, linear)
[    0.043477] rcu: Hierarchical SRCU implementation.
[    0.047441] EFI services will not be available.
[    0.051788] smp: Bringing up secondary CPUs ...
[    0.056515] Detected VIPT I-cache on CPU1
[    0.056560] CPU1: Booted secondary processor 0x0000000001 [0x410fd034]
[    0.056949] Detected VIPT I-cache on CPU2
[    0.056971] CPU2: Booted secondary processor 0x0000000002 [0x410fd034]
[    0.057326] Detected VIPT I-cache on CPU3
[    0.057347] CPU3: Booted secondary processor 0x0000000003 [0x410fd034]
[    0.057388] smp: Brought up 1 node, 4 CPUs
[    0.091605] SMP: Total of 4 processors activated.
[    0.096277] CPU features: detected: 32-bit EL0 Support
[    0.101381] CPU features: detected: CRC32 instructions
[    0.106520] CPU: All CPU(s) started at EL2
[    0.110562] alternatives: patching kernel code
[    0.116074] devtmpfs: initialized
[    0.124900] clocksource: jiffies: mask: 0xffffffff max_cycles: 0xffffffff, max_idle_ns: 7645041785100000 ns
[    0.129005] futex hash table entries: 1024 (order: 4, 65536 bytes, linear)
[    0.144636] pinctrl core: initialized pinctrl subsystem
[    0.145175] DMI not present or invalid.
[    0.148307] NET: Registered PF_NETLINK/PF_ROUTE protocol family
[    0.154991] DMA: preallocated 512 KiB GFP_KERNEL pool for atomic allocations
[    0.161011] DMA: preallocated 512 KiB GFP_KERNEL|GFP_DMA32 pool for atomic allocations
[    0.168835] audit: initializing netlink subsys (disabled)
[    0.174241] audit: type=2000 audit(0.116:1): state=initialized audit_enabled=0 res=1
[    0.174608] hw-breakpoint: found 6 breakpoint and 4 watchpoint registers.
[    0.188661] ASID allocator initialised with 65536 entries
[    0.194071] Serial: AMBA PL011 UART driver
[    0.217218] HugeTLB registered 1.00 GiB page size, pre-allocated 0 pages
[    0.218293] HugeTLB registered 32.0 MiB page size, pre-allocated 0 pages
[    0.224948] HugeTLB registered 2.00 MiB page size, pre-allocated 0 pages
[    0.231608] HugeTLB registered 64.0 KiB page size, pre-allocated 0 pages
[    1.201007] cryptd: max_cpu_qlen set to 1000
[    1.224572] DRBG: Continuing without Jitter RNG
[    1.322936] raid6: neonx8   gen()  2363 MB/s
[    1.390991] raid6: neonx8   xor()  1759 MB/s
[    1.459051] raid6: neonx4   gen()  2428 MB/s
[    1.527096] raid6: neonx4   xor()  1724 MB/s
[    1.595159] raid6: neonx2   gen()  2294 MB/s
[    1.663205] raid6: neonx2   xor()  1585 MB/s
[    1.731270] raid6: neonx1   gen()  1959 MB/s
[    1.799316] raid6: neonx1   xor()  1348 MB/s
[    1.867369] raid6: int64x8  gen()  1518 MB/s
[    1.935425] raid6: int64x8  xor()   859 MB/s
[    2.003485] raid6: int64x4  gen()  1776 MB/s
[    2.071540] raid6: int64x4  xor()   947 MB/s
[    2.139611] raid6: int64x2  gen()  1552 MB/s
[    2.207648] raid6: int64x2  xor()   825 MB/s
[    2.275732] raid6: int64x1  gen()  1147 MB/s
[    2.343781] raid6: int64x1  xor()   575 MB/s
[    2.343820] raid6: using algorithm neonx4 gen() 2428 MB/s
[    2.347773] raid6: .... xor() 1724 MB/s, rmw enabled
[    2.352704] raid6: using neon recovery algorithm
[    2.357827] iommu: Default domain type: Translated 
[    2.362138] iommu: DMA domain TLB invalidation policy: strict mode 
[    2.368586] SCSI subsystem initialized
[    2.372219] usbcore: registered new interface driver usbfs
[    2.377557] usbcore: registered new interface driver hub
[    2.382831] usbcore: registered new device driver usb
[    2.387873] mc: Linux media interface: v0.10
[    2.392078] videodev: Linux video capture interface: v2.00
[    2.397544] pps_core: LinuxPPS API ver. 1 registered
[    2.402442] pps_core: Software ver. 5.3.6 - Copyright 2005-2007 Rodolfo Giometti <giometti@linux.it>
[    2.411532] PTP clock support registered
[    2.415438] EDAC MC: Ver: 3.0.0
[    2.418814] zynqmp-ipi-mbox mailbox@ff990400: Registered ZynqMP IPI mbox with TX/RX channels.
[    2.427211] FPGA manager framework
[    2.430510] Advanced Linux Sound Architecture Driver Initialized.
[    2.436758] Bluetooth: Core ver 2.22
[    2.439996] NET: Registered PF_BLUETOOTH protocol family
[    2.445261] Bluetooth: HCI device and connection manager initialized
[    2.451578] Bluetooth: HCI socket layer initialized
[    2.456420] Bluetooth: L2CAP socket layer initialized
[    2.461443] Bluetooth: SCO socket layer initialized
[    2.466645] clocksource: Switched to clocksource arch_sys_counter
[    2.472463] VFS: Disk quotas dquot_6.6.0
[    2.476265] VFS: Dquot-cache hash table entries: 512 (order 0, 4096 bytes)
[    2.487244] NET: Registered PF_INET protocol family
[    2.488076] IP idents hash table entries: 65536 (order: 7, 524288 bytes, linear)
[    2.496706] tcp_listen_portaddr_hash hash table entries: 2048 (order: 3, 32768 bytes, linear)
[    2.503773] TCP established hash table entries: 32768 (order: 6, 262144 bytes, linear)
[    2.511793] TCP bind hash table entries: 32768 (order: 7, 524288 bytes, linear)
[    2.519334] TCP: Hash tables configured (established 32768 bind 32768)
[    2.525450] UDP hash table entries: 2048 (order: 4, 65536 bytes, linear)
[    2.532087] UDP-Lite hash table entries: 2048 (order: 4, 65536 bytes, linear)
[    2.539247] NET: Registered PF_UNIX/PF_LOCAL protocol family
[    2.545072] RPC: Registered named UNIX socket transport module.
[    2.550626] RPC: Registered udp transport module.
[    2.555293] RPC: Registered tcp transport module.
[    2.559961] RPC: Registered tcp NFSv4.1 backchannel transport module.
[    2.566935] PCI: CLS 0 bytes, default 64
[    2.570401] Trying to unpack rootfs image as initramfs...
[    2.576378] armv8-pmu pmu: hw perfevents: no interrupt-affinity property, guessing.
[    2.583653] hw perfevents: enabled with armv8_pmuv3 PMU driver, 7 counters available
[    5.179419] Freeing initrd memory: 61048K
[    5.234957] Initialise system trusted keyrings
[    5.235099] workingset: timestamp_bits=46 max_order=20 bucket_order=0
[    5.240832] NFS: Registering the id_resolver key type
[    5.245291] Key type id_resolver registered
[    5.249342] Key type id_legacy registered
[    5.253336] nfs4filelayout_init: NFSv4 File Layout Driver Registering...
[    5.259981] nfs4flexfilelayout_init: NFSv4 Flexfile Layout Driver Registering...
[    5.267345] jffs2: version 2.2. (NAND) (SUMMARY)  �© 2001-2006 Red Hat, Inc.
[    5.306997] NET: Registered PF_ALG protocol family
[    5.307049] xor: measuring software checksum speed
[    5.314657]    8regs           :  2626 MB/sec
[    5.318386]    32regs          :  3109 MB/sec
[    5.323394]    arm64_neon      :  2563 MB/sec
[    5.323874] xor: using function: 32regs (3109 MB/sec)
[    5.328900] Key type asymmetric registered
[    5.332962] Asymmetric key parser 'x509' registered
[    5.337841] Block layer SCSI generic (bsg) driver version 0.4 loaded (major 244)
[    5.345161] io scheduler mq-deadline registered
[    5.349656] io scheduler kyber registered
[    5.380372] Serial: 8250/16550 driver, 4 ports, IRQ sharing disabled
[    5.382192] Serial: AMBA driver
[    5.385021] cacheinfo: Unable to detect cache hierarchy for CPU 0
[    5.394534] brd: module loaded
[    5.398050] loop: module loaded
[    5.399027] mtdoops: mtd device (mtddev=name/number) must be supplied
[    5.405545] tun: Universal TUN/TAP device driver, 1.6
[    5.407903] CAN device driver interface
[    5.412225] SPI driver wl1271_spi has no spi_device_id for ti,wl1271
[    5.417942] SPI driver wl1271_spi has no spi_device_id for ti,wl1273
[    5.424254] SPI driver wl1271_spi has no spi_device_id for ti,wl1281
[    5.430568] SPI driver wl1271_spi has no spi_device_id for ti,wl1283
[    5.436883] SPI driver wl1271_spi has no spi_device_id for ti,wl1285
[    5.443198] SPI driver wl1271_spi has no spi_device_id for ti,wl1801
[    5.449512] SPI driver wl1271_spi has no spi_device_id for ti,wl1805
[    5.455826] SPI driver wl1271_spi has no spi_device_id for ti,wl1807
[    5.462141] SPI driver wl1271_spi has no spi_device_id for ti,wl1831
[    5.468455] SPI driver wl1271_spi has no spi_device_id for ti,wl1835
[    5.474774] SPI driver wl1271_spi has no spi_device_id for ti,wl1837
[    5.481170] usbcore: registered new interface driver asix
[    5.486489] usbcore: registered new interface driver ax88179_178a
[    5.492522] usbcore: registered new interface driver cdc_ether
[    5.498316] usbcore: registered new interface driver net1080
[    5.503939] usbcore: registered new interface driver cdc_subset
[    5.509821] usbcore: registered new interface driver zaurus
[    5.515373] usbcore: registered new interface driver cdc_ncm
[    5.521659] usbcore: registered new interface driver uas
[    5.526270] usbcore: registered new interface driver usb-storage
[    5.532867] rtc_zynqmp ffa60000.rtc: registered as rtc0
[    5.537412] rtc_zynqmp ffa60000.rtc: setting system clock to 2103-10-29T22:06:54 UTC (4223138814)
[    5.546273] i2c_dev: i2c /dev entries driver
[    5.552067] usbcore: registered new interface driver uvcvideo
[    5.557025] Bluetooth: HCI UART driver ver 2.3
[    5.560585] Bluetooth: HCI UART protocol H4 registered
[    5.565684] Bluetooth: HCI UART protocol BCSP registered
[    5.570987] Bluetooth: HCI UART protocol LL registered
[    5.576065] Bluetooth: HCI UART protocol ATH3K registered
[    5.581441] Bluetooth: HCI UART protocol Three-wire (H5) registered
[    5.587689] Bluetooth: HCI UART protocol Intel registered
[    5.593031] Bluetooth: HCI UART protocol QCA registered
[    5.598230] usbcore: registered new interface driver bcm203x
[    5.603857] usbcore: registered new interface driver bpa10x
[    5.609392] usbcore: registered new interface driver bfusb
[    5.614838] usbcore: registered new interface driver btusb
[    5.620302] usbcore: registered new interface driver ath3k
[    5.625793] EDAC MC: ECC not enabled
[    5.629386] EDAC DEVICE0: Giving out device to module edac controller cache_err: DEV edac (POLLED)
[    5.638324] EDAC DEVICE1: Giving out device to module zynqmp-ocm-edac controller zynqmp_ocm: DEV ff960000.memory-controller (INTERRUPT)
[    5.650681] sdhci: Secure Digital Host Controller Interface driver
[    5.656425] sdhci: Copyright(c) Pierre Ossman
[    5.660747] sdhci-pltfm: SDHCI platform and OF driver helper
[    5.666722] ledtrig-cpu: registered to indicate activity on CPUs
[    5.672450] SMCCC: SOC_ID: ARCH_SOC_ID not implemented, skipping ....
[    5.678807] zynqmp_firmware_probe Platform Management API v1.1
[    5.684542] zynqmp_firmware_probe Trustzone version v1.0
[    5.718176] securefw securefw: securefw probed
[    5.718488] alg: No test for xilinx-zynqmp-aes (zynqmp-aes)
[    5.722642] zynqmp_aes firmware:zynqmp-firmware:zynqmp-aes: AES Successfully Registered
[    5.730764] alg: No test for xilinx-keccak-384 (zynqmp-keccak-384)
[    5.736887] alg: No test for xilinx-zynqmp-rsa (zynqmp-rsa)
[    5.742409] usbcore: registered new interface driver usbhid
[    5.747788] usbhid: USB HID core driver
[    5.754480] ARM CCI_400_r1 PMU driver probed
[    5.755106] fpga_manager fpga0: Xilinx ZynqMP FPGA Manager registered
[    5.762641] usbcore: registered new interface driver snd-usb-audio
[    5.769166] pktgen: Packet Generator for packet performance testing. Version: 2.75
[    5.776728] Initializing XFRM netlink socket
[    5.780212] NET: Registered PF_INET6 protocol family
[    5.785517] Segment Routing with IPv6
[    5.788720] In-situ OAM (IOAM) with IPv6
[    5.792659] sit: IPv6, IPv4 and MPLS over IPv4 tunneling driver
[    5.798819] NET: Registered PF_PACKET protocol family
[    5.803503] NET: Registered PF_KEY protocol family
[    5.808264] can: controller area network core
[    5.812605] NET: Registered PF_CAN protocol family
[    5.817333] can: raw protocol
[    5.820275] can: broadcast manager protocol
[    5.824429] can: netlink gateway - max_hops=1
[    5.828824] Bluetooth: RFCOMM TTY layer initialized
[    5.833606] Bluetooth: RFCOMM socket layer initialized
[    5.838709] Bluetooth: RFCOMM ver 1.11
[    5.842417] Bluetooth: BNEP (Ethernet Emulation) ver 1.3
[    5.847693] Bluetooth: BNEP filters: protocol multicast
[    5.852891] Bluetooth: BNEP socket layer initialized
[    5.857815] Bluetooth: HIDP (Human Interface Emulation) ver 1.2
[    5.863698] Bluetooth: HIDP socket layer initialized
[    5.868656] 8021q: 802.1Q VLAN Support v1.8
[    5.872894] 9pnet: Installing 9P2000 support
[    5.877040] Key type dns_resolver registered
[    5.881391] registered taskstats version 1
[    5.885325] Loading compiled-in X.509 certificates
[    5.891345] Btrfs loaded, crc32c=crc32c-generic, zoned=no, fsverity=no
[    5.905881] ff000000.serial: ttyPS0 at MMIO 0xff000000 (irq = 51, base_baud = 6249999) is a xuartps
[    5.914920] printk: console [ttyPS0] enabled
[    5.914920] printk: console [ttyPS0] enabled
[    5.919223] printk: bootconsole [cdns0] disabled
[    5.919223] printk: bootconsole [cdns0] disabled
[    5.928776] ff010000.serial: ttyPS1 at MMIO 0xff010000 (irq = 52, base_baud = 6249999) is a xuartps
[    5.941965] of-fpga-region fpga-full: FPGA Region probed
[    5.948635] xilinx-zynqmp-dma fd500000.dma-controller: ZynqMP DMA driver Probe success
[    5.956717] xilinx-zynqmp-dma fd510000.dma-controller: ZynqMP DMA driver Probe success
[    5.964797] xilinx-zynqmp-dma fd520000.dma-controller: ZynqMP DMA driver Probe success
[    5.972867] xilinx-zynqmp-dma fd530000.dma-controller: ZynqMP DMA driver Probe success
[    5.980948] xilinx-zynqmp-dma fd540000.dma-controller: ZynqMP DMA driver Probe success
[    5.989019] xilinx-zynqmp-dma fd550000.dma-controller: ZynqMP DMA driver Probe success
[    5.997090] xilinx-zynqmp-dma fd560000.dma-controller: ZynqMP DMA driver Probe success
[    6.005164] xilinx-zynqmp-dma fd570000.dma-controller: ZynqMP DMA driver Probe success
[    6.013304] xilinx-zynqmp-dma ffa80000.dma-controller: ZynqMP DMA driver Probe success
[    6.021379] xilinx-zynqmp-dma ffa90000.dma-controller: ZynqMP DMA driver Probe success
[    6.029451] xilinx-zynqmp-dma ffaa0000.dma-controller: ZynqMP DMA driver Probe success
[    6.037518] xilinx-zynqmp-dma ffab0000.dma-controller: ZynqMP DMA driver Probe success
[    6.045594] xilinx-zynqmp-dma ffac0000.dma-controller: ZynqMP DMA driver Probe success
[    6.053670] xilinx-zynqmp-dma ffad0000.dma-controller: ZynqMP DMA driver Probe success
[    6.061736] xilinx-zynqmp-dma ffae0000.dma-controller: ZynqMP DMA driver Probe success
[    6.069809] xilinx-zynqmp-dma ffaf0000.dma-controller: ZynqMP DMA driver Probe success
[    6.079014] spi-nor spi0.0: unrecognized JEDEC id bytes: 00 00 00 00 00 00
[    6.086200] macb ff0b0000.ethernet: Not enabling partial store and forward
[    6.093110] macb ff0b0000.ethernet: invalid hw address, using random
[    6.128218] zynqmp_pll_disable() clock disable failed for dpll_int, ret = -13
[    6.158056] macb ff0b0000.ethernet eth0: Cadence GEM rev 0x50070106 at 0xff0b0000 irq 38 (76:25:7d:70:ce:b4)
[    6.169660] macb ff0e0000.ethernet: Not enabling partial store and forward
[    6.176610] macb ff0e0000.ethernet: invalid hw address, using random
[    6.183802] mdio_bus ff0e0000.ethernet-ffffffff: MDIO device at address 12 is missing.
[    6.191754] macb ff0e0000.ethernet eth1: Cadence GEM rev 0x50070106 at 0xff0e0000 irq 39 (5a:8e:d4:8d:d2:83)
[    6.201974] xilinx-axipmon ffa00000.perf-monitor: Probed Xilinx APM
[    6.208489] xilinx-axipmon fd0b0000.perf-monitor: Probed Xilinx APM
[    6.214953] xilinx-axipmon fd490000.perf-monitor: Probed Xilinx APM
[    6.221417] xilinx-axipmon ffa10000.perf-monitor: Probed Xilinx APM
[    6.228626] pca953x 0-0020: supply vcc not found, using dummy regulator
[    6.235335] pca953x 0-0020: using no AI
[    6.239246] pca953x 0-0020: failed writing register
[    6.244327] pca953x 0-0021: supply vcc not found, using dummy regulator
[    6.251000] pca953x 0-0021: using no AI
[    6.254887] pca953x 0-0021: failed writing register
[    6.260094] pca954x 0-0075: probe failed
[    6.264043] cdns-i2c ff020000.i2c: 400 kHz mmio ff020000 irq 41
[    6.270872] pca954x 1-0074: probe failed
[    6.274956] pca954x 1-0075: probe failed
[    6.278898] cdns-i2c ff030000.i2c: 400 kHz mmio ff030000 irq 42
[    6.287522] cpufreq: cpufreq_online: CPU0: Running at unlisted initial frequency: 1333333 KHz, changing to: 1333320 KHz
[    6.306089] input: gpio-keys as /devices/platform/gpio-keys/input/input0
[    6.313177] of_cfs_init
[    6.315644] of_cfs_init: OK
[    6.318573] cfg80211: Loading compiled-in X.509 certificates for regulatory database
[    6.330665] mmc0: SDHCI controller on ff160000.mmc [ff160000.mmc] using ADMA 64-bit
[    6.446683] cfg80211: Loaded X.509 cert 'sforshee: 00b28ddf47aef9cea7'
[    6.453217] clk: Not disabling unused clocks
[    6.457528] ALSA device list:
[    6.460487]   No soundcards found.
[    6.464256] platform regulatory.0: Direct firmware load for regulatory.db failed with error -2
[    6.472882] cfg80211: failed to load regulatory.db
[    6.473618] Freeing unused kernel memory: 2176K
[    6.514687] Run /init as init process
[    6.532100] systemd[1]: systemd 249.7+ running in system mode (+PAM -AUDIT -SELINUX -APPARMOR +IMA -SMACK +SECCOMP -GCRYPT -GNUTLS -OPENSSL +ACL +BLKID -CURL -ELFUTILS -)
[    6.562680] systemd[1]: Detected architecture arm64.

Welcome to PetaLinux 2022.1_release_S04190222 (honister)!

[    6.606809] systemd[1]: Hostname set to <xilinx-zcu102-20221>.
[    6.612755] random: systemd: uninitialized urandom read (16 bytes read)
[    6.619378] systemd[1]: Initializing machine ID from random generator.
[    6.657993] systemd-sysv-generator[267]: SysV service '/etc/init.d/watchdog-init' lacks a native systemd unit file. Automatically generating a unit file for compatibilit.
[    6.685105] systemd-sysv-generator[267]: SysV service '/etc/init.d/nfsserver' lacks a native systemd unit file. Automatically generating a unit file for compatibility. P.
[    6.709129] systemd-sysv-generator[267]: SysV service '/etc/init.d/nfscommon' lacks a native systemd unit file. Automatically generating a unit file for compatibility. P.
[    6.733545] systemd-sysv-generator[267]: SysV service '/etc/init.d/inetd.busybox' lacks a native systemd unit file. Automatically generating a unit file for compatibilit.
[    6.758502] systemd-sysv-generator[267]: SysV service '/etc/init.d/dropbear' lacks a native systemd unit file. Automatically generating a unit file for compatibility. Pl.
[    6.959756] systemd[1]: Queued start job for default target Multi-User System.
[    6.967900] random: systemd: uninitialized urandom read (16 bytes read)
[    6.999082] systemd[1]: Created slice Slice /system/getty.
[  OK  ] Created slice Slice /system/getty.
[    7.022797] random: systemd: uninitialized urandom read (16 bytes read)
[    7.030681] systemd[1]: Created slice Slice /system/modprobe.
[  OK  ] Created slice Slice /system/modprobe.
[    7.051855] systemd[1]: Created slice Slice /system/serial-getty.
[  OK  ] Created slice Slice /system/serial-getty.
[    7.075711] systemd[1]: Created slice User and Session Slice.
[  OK  ] Created slice User and Session Slice.
[    7.098925] systemd[1]: Started Dispatch Password Requests to Console Directory Watch.
[  OK  ] Started Dispatch Password ��…ts to Console Directory Watch.
[    7.122837] systemd[1]: Started Forward Password Requests to Wall Directory Watch.
[  OK  ] Started Forward Password R��…uests to Wall Directory Watch.
[    7.146847] systemd[1]: Reached target Path Units.
[  OK  ] Reached target Path Units.
[    7.162748] systemd[1]: Reached target Remote File Systems.
[  OK  ] Reached target Remote File Systems.
[    7.182727] systemd[1]: Reached target Slice Units.
[  OK  ] Reached target Slice Units.
[    7.198748] systemd[1]: Reached target Swaps.
[  OK  ] Reached target Swaps.
[    7.215210] systemd[1]: Listening on RPCbind Server Activation Socket.
[  OK  ] Listening on RPCbind Server Activation Socket.
[    7.238734] systemd[1]: Reached target RPC Port Mapper.
[  OK  ] Reached target RPC Port Mapper.
[    7.258976] systemd[1]: Listening on Syslog Socket.
[  OK  ] Listening on Syslog Socket.
[    7.274868] systemd[1]: Listening on initctl Compatibility Named Pipe.
[  OK  ] Listening on initctl Compatibility Named Pipe.
[    7.299183] systemd[1]: Listening on Journal Audit Socket.
[  OK  ] Listening on Journal Audit Socket.
[    7.318924] systemd[1]: Listening on Journal Socket (/dev/log).
[  OK  ] Listening on Journal Socket (/dev/log).
[    7.339014] systemd[1]: Listening on Journal Socket.
[  OK  ] Listening on Journal Socket.
[    7.355139] systemd[1]: Listening on Network Service Netlink Socket.
[  OK  ] Listening on Network Service Netlink Socket.
[    7.379001] systemd[1]: Listening on udev Control Socket.
[  OK  ] Listening on udev Control Socket.
[    7.398913] systemd[1]: Listening on udev Kernel Socket.
[  OK  ] Listening on udev Kernel Socket.
[    7.418929] systemd[1]: Listening on User Database Manager Socket.
[  OK  ] Listening on User Database Manager Socket.
[    7.445280] systemd[1]: Mounting Huge Pages File System...
         Mounting Huge Pages File System...
[    7.465325] systemd[1]: Mounting POSIX Message Queue File System...
         Mounting POSIX Message Queue File System...
[    7.489441] systemd[1]: Mounting Kernel Debug File System...
         Mounting Kernel Debug File System...
[    7.507138] systemd[1]: Condition check resulted in Kernel Trace File System being skipped.
[    7.518409] systemd[1]: Mounting Temporary Directory /tmp...
         Mounting Temporary Directory /tmp...
[    7.539019] systemd[1]: Condition check resulted in Create List of Static Device Nodes being skipped.
[    7.551310] systemd[1]: Starting Load Kernel Module configfs...
         Starting Load Kernel Module configfs...
[    7.569950] systemd[1]: Starting Load Kernel Module drm...
         Starting Load Kernel Module drm...
[    7.593711] systemd[1]: Starting Load Kernel Module fuse...
         Starting Load Kernel Module fuse...
[    7.613758] systemd[1]: Starting RPC Bind...
         Starting RPC Bind...
[    7.630855] systemd[1]: Condition check resulted in File System Check on Root Device being skipped.
[    7.640628] systemd[1]: Condition check resulted in Load Kernel Modules being skipped.
[    7.651048] systemd[1]: Mounting NFSD configuration filesystem...
         Mounting NFSD configuration filesystem...
[    7.669666] systemd[1]: Starting Remount Root and Kernel File Systems...
         Starting Remount Root and Kernel File Systems...
[    7.693719] systemd[1]: Starting Apply Kernel Variables...
         Starting Apply Kernel Variables...
[    7.713700] systemd[1]: Starting Coldplug All udev Devices...
         Starting Coldplug All udev Devices...
[    7.735089] systemd[1]: Started RPC Bind.
[  OK  ] Started RPC Bind.
[    7.751283] systemd[1]: Mounted Huge Pages File System.
[  OK  ] Mounted Huge Pages File System.
[    7.771267] systemd[1]: Mounted POSIX Message Queue File System.
[  OK  ] Mounted POSIX Message Queue File System.
[    7.795254] systemd[1]: Mounted Kernel Debug File System.
[  OK  ] Mounted Kernel Debug File System.
[    7.815265] systemd[1]: Mounted Temporary Directory /tmp.
[  OK  ] Mounted Temporary Directory /tmp.
[    7.839751] systemd[1]: modprobe@configfs.service: Deactivated successfully.
[    7.848003] systemd[1]: Finished Load Kernel Module configfs.
[  OK  ] Finished Load Kernel Module configfs.
[    7.871401] systemd[1]: modprobe@drm.service: Deactivated successfully.
[    7.879317] systemd[1]: Finished Load Kernel Module drm.
[  OK  ] Finished Load Kernel Module drm.
[    7.899459] systemd[1]: modprobe@fuse.service: Deactivated successfully.
[    7.907322] systemd[1]: Finished Load Kernel Module fuse.
[  OK  ] Finished Load Kernel Module fuse.
[    7.927024] systemd[1]: proc-fs-nfsd.mount: Mount process exited, code=exited, status=32/n/a
[    7.935541] systemd[1]: proc-fs-nfsd.mount: Failed with result 'exit-code'.
[    7.943686] systemd[1]: Failed to mount NFSD configuration filesystem.
[FAILED] Failed to mount NFSD configuration filesystem.
See 'systemctl status proc-fs-nfsd.mount' for details.
[    7.978840] systemd[1]: Dependency failed for NFS server and services.
[DEPEND] Dependency failed for NFS server and services.
[    8.002702] systemd[1]: Dependency failed for NFS Mount Daemon.
[DEPEND] Dependency failed for NFS Mount Daemon.
[    8.022683] systemd[1]: nfs-mountd.service: Job nfs-mountd.service/start failed with result 'dependency'.
[    8.032284] systemd[1]: nfs-server.service: Job nfs-server.service/start failed with result 'dependency'.
[    8.043362] systemd[1]: Finished Remount Root and Kernel File Systems.
[  OK  ] Finished Remount Root and Kernel File Systems.
[    8.068116] systemd[1]: Finished Apply Kernel Variables.
[  OK  ] Finished Apply Kernel Variables.
[    8.093610] systemd[1]: Condition check resulted in FUSE Control File System being skipped.
[    8.105250] systemd[1]: Mounting Kernel Configuration File System...
         Mounting Kernel Configuration File System...
[    8.127096] systemd[1]: Condition check resulted in Rebuild Hardware Database being skipped.
[    8.135764] systemd[1]: Condition check resulted in Platform Persistent Storage Archival being skipped.
[    8.148397] systemd[1]: Starting Create System Users...
         Starting Create System Users...
[    8.166511] systemd[1]: Mounted Kernel Configuration File System.
[  OK  ] Mounted Kernel Configuration File System.
[    8.192815] systemd[1]: Finished Create System Users.
[  OK  ] Finished Create System Users.
[    8.210532] systemd[1]: Starting Create Static Device Nodes in /dev...
         Starting Create Static Device Nodes in /dev...
[    8.236661] systemd[1]: Finished Create Static Device Nodes in /dev.
[  OK  ] Finished Create Static Device Nodes in /dev.
[    8.263263] systemd[1]: Reached target Preparation for Local File Systems.
[  OK  ] Reached target Preparation for Local File Systems.
[    8.289688] systemd[1]: Mounting /var/volatile...
         Mounting /var/volatile...
[    8.314601] systemd[1]: Started Entropy Daemon based on the HAVEGE algorithm.
[  OK  ] Started Entropy Daemon based on the HAVEGE algorithm.
[    8.339591] systemd[1]: systemd-journald.service: unit configures an IP firewall, but the local system does not support BPF/cgroup firewalling.
[    8.352507] systemd[1]: (This warning is only shown for the first unit using IP firewalling.)
[    8.364825] systemd[1]: Starting Journal Service...
         Starting Journal Service...
[    8.387275] systemd[1]: Starting Rule-based Manager for Device Events and Files...
         Starting Rule-based Manage��…for Device Events and Files...
[    8.413119] systemd[1]: Mounted /var/volatile.
[  OK  ] Mounted /var/volatile.
[    8.432786] systemd[1]: Finished Coldplug All udev Devices.
[  OK  ] Finished Coldplug All udev Devices.
[    8.455884] systemd[1]: Condition check resulted in Bind mount volatile /var/cache being skipped.
[    8.464972] systemd[1]: Condition check resulted in Bind mount volatile /var/lib being skipped.
[    8.477540] systemd[1]: Starting Load/Save Random Seed...
         Starting Load/Save Random Seed...
[    8.498986] systemd[1]: Condition check resulted in Bind mount volatile /var/spool being skipped.
[    8.514366] systemd[1]: Condition check resulted in Bind mount volatile /srv being skipped.
[    8.527784] systemd[1]: Reached target Local File Systems.
[  OK  ] Reached target Local File Systems.
[    8.555216] systemd[1]: Starting Rebuild Dynamic Linker Cache...
         Starting Rebuild Dynamic Linker Cache...
[    8.575474] systemd[1]: Started Journal Service.
[  OK  ] Started Journal Service.
[  OK  ] Started Rule-based Manager for Device Events and Files.
[  OK  ] Finished Rebuild Dynamic Linker Cache.
         Starting Flush Journal to Persistent Storage...
         Starting Network Configuration...
[    8.661146] mali: loading out-of-tree module taints kernel.
[    8.664033] systemd-journald[300]: Received client request to flush runtime journal.
[  OK  ] Finished Flush Journal to Persistent Storage.
         Starting Create Volatile Files and Directories...
[  OK  ] Finished Create Volatile Files and Directories.
         Starting Run pending postinsts...
         Starting Rebuild Journal Catalog...
         Starting Network Time Synchronization...
         Starting Record System Boot/Shutdown in UTMP    9.099464] Unloading old XRT Linux kernel modules
m...
[  OK  ] Started Network Configuration.
[    9.133228] macb ff0e0000.ethernet eth1: Could not attach PHY (-19)
[    9.147625] macb ff0b0000.ethernet eth0: validation of gmii with support 0000000,00000000,00006280 and advertisement 0000000,00000000,00004280 failed: -22
[    9.166997] macb ff0b0000.ethernet eth0: Could not attach PHY (-22)
[  OK  ] Finished Record System Boot/Shutdown[    9.189486] Loading new XRT Linux kernel modules
 in UTMP.
[  OK  ] Finished Rebuild Journal Catalog.
[  OK  ] Listening on Load/Save RF ��…itch Status /dev/rfkill Watch.
[    9.355788] INFO: Creating ICD entry for Xilinx Platform
         Starting Network Name Resolution...
         Starting Update is Completed...
[  OK  ] Finished Update is Completed.
[    9.692523] update-alternatives: Linking /usr/lib/libMali.so.9.0 to /usr/lib/x11/libMali.so.9.0
[  OK  ] Started Network Time Synchronization.
[    9.847243] update-alternatives: Linking /usr/lib/libMali.so.9.0 to /usr/lib/x11/libMali.so.9.0
[  OK  ] Started Network Name Resolution.
[    9.888370] Warn: update-alternatives: libmali-xlnx has multiple providers with the same priority, please check /usr/lib/opkg/alternatives/libmali-xlnx for details
[    9.890014] random: crng init done
[    9.906401] random: 7 urandom warning(s) missed due to ratelimiting
[  OK  ] Finished Load/Save Random Seed.
[    9.920184] update-alternatives: Linking /usr/lib/libMali.so.9.0 to /usr/lib/x11/libMali.so.9.0
[    9.970895] update-alternatives: Linking /usr/lib/libMali.so.9.0 to /usr/lib/x11/libMali.so.9.0
[  OK  ] Finished Run pending postinsts.
[  OK  ] Reached target Network.
[  OK  ] Reached target Host and Network Name Lookups.
[  OK  ] Reached target System Initialization.
[  OK  ] Started Daily Cleanup of Temporary Directories.
[  OK  ] Reached target System Time Set.    
[  OK  ] Reached target Timer Units.        
[  OK  ] Listening on D-Bus System Message Bus Socket.
[  OK  ] Listening on dropbear.socket.      
[  OK  ] Reached target Socket Units.       
[  OK  ] Reached target Basic System.
[  OK  ] Started Kernel Logging Service.
[  OK  ] Started System Logging Service.
[  OK  ] Started D-Bus System Message Bus.
[  OK  ] Started NFS status monitor for NFSv2/3 locking..
         Starting LSB: NFS support for both client and server...
         Starting User Login Management...
         Starting Permit User Sessions...
         Starting Target Communication Framework agent...
[  OK  ] Started LSB: NFS support for both client and server.
[  OK  ] Finished Permit User Sessions.
[  OK  ] Started Target Communication Framework agent.
[  OK  ] Started Getty on tty1.
         Starting inetd.busybox.service...
         Starting LSB: Kernel NFS server support...
[  OK  ] Started Serial Getty on ttyPS0.
[  OK  ] Reached target Login Prompts.
[  OK  ] Started inetd.busybox.service.
[FAILED] Failed to start LSB: Kernel NFS server support.
See 'systemctl status nfsserver.service' for details.
[  OK  ] Started User Login Management.
[  OK  ] Reached target Multi-User System.
         Starting Record Runlevel Change in UTMP...
[  OK  ] Finished Record Runlevel Change in UTMP.

PetaLinux 2022.1_release_S04190222 xilinx-zcu102-20221 ttyPS0


xilinx-zcu102-20221 login: 
